Archive member included to satisfy reference by file (symbol)

c:/st/stm32cubeide_1.12.1/stm32cubeide/plugins/com.st.stm32cube.ide.mcu.externaltools.gnu-tools-for-stm32.10.3-2021.10.win32_1.0.200.202301161003/tools/bin/../lib/gcc/arm-none-eabi/10.3.1/../../../../arm-none-eabi/lib/thumb/v7-m/nofp\libc_nano.a(lib_a-errno.o)
                              ./Core/Src/syscalls.o (__errno)
c:/st/stm32cubeide_1.12.1/stm32cubeide/plugins/com.st.stm32cube.ide.mcu.externaltools.gnu-tools-for-stm32.10.3-2021.10.win32_1.0.200.202301161003/tools/bin/../lib/gcc/arm-none-eabi/10.3.1/../../../../arm-none-eabi/lib/thumb/v7-m/nofp\libc_nano.a(lib_a-exit.o)
                              c:/st/stm32cubeide_1.12.1/stm32cubeide/plugins/com.st.stm32cube.ide.mcu.externaltools.gnu-tools-for-stm32.10.3-2021.10.win32_1.0.200.202301161003/tools/bin/../lib/gcc/arm-none-eabi/10.3.1/../../../../arm-none-eabi/lib/thumb/v7-m/nofp/crt0.o (exit)
c:/st/stm32cubeide_1.12.1/stm32cubeide/plugins/com.st.stm32cube.ide.mcu.externaltools.gnu-tools-for-stm32.10.3-2021.10.win32_1.0.200.202301161003/tools/bin/../lib/gcc/arm-none-eabi/10.3.1/../../../../arm-none-eabi/lib/thumb/v7-m/nofp\libc_nano.a(lib_a-impure.o)
                              c:/st/stm32cubeide_1.12.1/stm32cubeide/plugins/com.st.stm32cube.ide.mcu.externaltools.gnu-tools-for-stm32.10.3-2021.10.win32_1.0.200.202301161003/tools/bin/../lib/gcc/arm-none-eabi/10.3.1/../../../../arm-none-eabi/lib/thumb/v7-m/nofp\libc_nano.a(lib_a-exit.o) (_global_impure_ptr)
c:/st/stm32cubeide_1.12.1/stm32cubeide/plugins/com.st.stm32cube.ide.mcu.externaltools.gnu-tools-for-stm32.10.3-2021.10.win32_1.0.200.202301161003/tools/bin/../lib/gcc/arm-none-eabi/10.3.1/../../../../arm-none-eabi/lib/thumb/v7-m/nofp\libc_nano.a(lib_a-init.o)
                              c:/st/stm32cubeide_1.12.1/stm32cubeide/plugins/com.st.stm32cube.ide.mcu.externaltools.gnu-tools-for-stm32.10.3-2021.10.win32_1.0.200.202301161003/tools/bin/../lib/gcc/arm-none-eabi/10.3.1/../../../../arm-none-eabi/lib/thumb/v7-m/nofp/crt0.o (__libc_init_array)
c:/st/stm32cubeide_1.12.1/stm32cubeide/plugins/com.st.stm32cube.ide.mcu.externaltools.gnu-tools-for-stm32.10.3-2021.10.win32_1.0.200.202301161003/tools/bin/../lib/gcc/arm-none-eabi/10.3.1/../../../../arm-none-eabi/lib/thumb/v7-m/nofp\libc_nano.a(lib_a-memset.o)
                              c:/st/stm32cubeide_1.12.1/stm32cubeide/plugins/com.st.stm32cube.ide.mcu.externaltools.gnu-tools-for-stm32.10.3-2021.10.win32_1.0.200.202301161003/tools/bin/../lib/gcc/arm-none-eabi/10.3.1/../../../../arm-none-eabi/lib/thumb/v7-m/nofp/crt0.o (memset)

Discarded input sections

 .text          0x0000000000000000        0x0 c:/st/stm32cubeide_1.12.1/stm32cubeide/plugins/com.st.stm32cube.ide.mcu.externaltools.gnu-tools-for-stm32.10.3-2021.10.win32_1.0.200.202301161003/tools/bin/../lib/gcc/arm-none-eabi/10.3.1/thumb/v7-m/nofp/crti.o
 .data          0x0000000000000000        0x0 c:/st/stm32cubeide_1.12.1/stm32cubeide/plugins/com.st.stm32cube.ide.mcu.externaltools.gnu-tools-for-stm32.10.3-2021.10.win32_1.0.200.202301161003/tools/bin/../lib/gcc/arm-none-eabi/10.3.1/thumb/v7-m/nofp/crti.o
 .bss           0x0000000000000000        0x0 c:/st/stm32cubeide_1.12.1/stm32cubeide/plugins/com.st.stm32cube.ide.mcu.externaltools.gnu-tools-for-stm32.10.3-2021.10.win32_1.0.200.202301161003/tools/bin/../lib/gcc/arm-none-eabi/10.3.1/thumb/v7-m/nofp/crti.o
 .data          0x0000000000000000        0x4 c:/st/stm32cubeide_1.12.1/stm32cubeide/plugins/com.st.stm32cube.ide.mcu.externaltools.gnu-tools-for-stm32.10.3-2021.10.win32_1.0.200.202301161003/tools/bin/../lib/gcc/arm-none-eabi/10.3.1/thumb/v7-m/nofp/crtbegin.o
 .rodata        0x0000000000000000       0x24 c:/st/stm32cubeide_1.12.1/stm32cubeide/plugins/com.st.stm32cube.ide.mcu.externaltools.gnu-tools-for-stm32.10.3-2021.10.win32_1.0.200.202301161003/tools/bin/../lib/gcc/arm-none-eabi/10.3.1/thumb/v7-m/nofp/crtbegin.o
 .text          0x0000000000000000       0x7c c:/st/stm32cubeide_1.12.1/stm32cubeide/plugins/com.st.stm32cube.ide.mcu.externaltools.gnu-tools-for-stm32.10.3-2021.10.win32_1.0.200.202301161003/tools/bin/../lib/gcc/arm-none-eabi/10.3.1/../../../../arm-none-eabi/lib/thumb/v7-m/nofp/crt0.o
 .data          0x0000000000000000        0x0 c:/st/stm32cubeide_1.12.1/stm32cubeide/plugins/com.st.stm32cube.ide.mcu.externaltools.gnu-tools-for-stm32.10.3-2021.10.win32_1.0.200.202301161003/tools/bin/../lib/gcc/arm-none-eabi/10.3.1/../../../../arm-none-eabi/lib/thumb/v7-m/nofp/crt0.o
 .bss           0x0000000000000000        0x0 c:/st/stm32cubeide_1.12.1/stm32cubeide/plugins/com.st.stm32cube.ide.mcu.externaltools.gnu-tools-for-stm32.10.3-2021.10.win32_1.0.200.202301161003/tools/bin/../lib/gcc/arm-none-eabi/10.3.1/../../../../arm-none-eabi/lib/thumb/v7-m/nofp/crt0.o
[...]
Memory Configuration

Name             Origin             Length             Attributes
RAM              0x0000000020000000 0x0000000000002800 xrw
FLASH            0x0000000008000000 0x0000000000008000 xr
*default*        0x0000000000000000 0xffffffffffffffff

Linker script and memory map

LOAD c:/st/stm32cubeide_1.12.1/stm32cubeide/plugins/com.st.stm32cube.ide.mcu.externaltools.gnu-tools-for-stm32.10.3-2021.10.win32_1.0.200.202301161003/tools/bin/../lib/gcc/arm-none-eabi/10.3.1/thumb/v7-m/nofp/crti.o
LOAD c:/st/stm32cubeide_1.12.1/stm32cubeide/plugins/com.st.stm32cube.ide.mcu.externaltools.gnu-tools-for-stm32.10.3-2021.10.win32_1.0.200.202301161003/tools/bin/../lib/gcc/arm-none-eabi/10.3.1/thumb/v7-m/nofp/crtbegin.o
LOAD c:/st/stm32cubeide_1.12.1/stm32cubeide/plugins/com.st.stm32cube.ide.mcu.externaltools.gnu-tools-for-stm32.10.3-2021.10.win32_1.0.200.202301161003/tools/bin/../lib/gcc/arm-none-eabi/10.3.1/../../../../arm-none-eabi/lib/thumb/v7-m/nofp/crt0.o
LOAD ./Core/Src/main.o
LOAD ./Core/Src/software_timer.o
LOAD ./Core/Src/stm32f1xx_hal_msp.o
LOAD ./Core/Src/stm32f1xx_it.o
LOAD ./Core/Src/syscalls.o
LOAD ./Core/Src/sysmem.o
LOAD ./Core/Src/system_stm32f1xx.o
LOAD ./Core/Startup/startup_stm32f103c6ux.o
LOAD ./Drivers/STM32F1xx_HAL_Driver/Src/stm32f1xx_hal.o
LOAD ./Drivers/STM32F1xx_HAL_Driver/Src/stm32f1xx_hal_cortex.o
LOAD ./Drivers/STM32F1xx_HAL_Driver/Src/stm32f1xx_hal_dma.o
LOAD ./Drivers/STM32F1xx_HAL_Driver/Src/stm32f1xx_hal_exti.o
LOAD ./Drivers/STM32F1xx_HAL_Driver/Src/stm32f1xx_hal_flash.o
LOAD ./Drivers/STM32F1xx_HAL_Driver/Src/stm32f1xx_hal_flash_ex.o
LOAD ./Drivers/STM32F1xx_HAL_Driver/Src/stm32f1xx_hal_gpio.o
LOAD ./Drivers/STM32F1xx_HAL_Driver/Src/stm32f1xx_hal_gpio_ex.o
LOAD ./Drivers/STM32F1xx_HAL_Driver/Src/stm32f1xx_hal_pwr.o
LOAD ./Drivers/STM32F1xx_HAL_Driver/Src/stm32f1xx_hal_rcc.o
LOAD ./Drivers/STM32F1xx_HAL_Driver/Src/stm32f1xx_hal_rcc_ex.o
LOAD ./Drivers/STM32F1xx_HAL_Driver/Src/stm32f1xx_hal_tim.o
LOAD ./Drivers/STM32F1xx_HAL_Driver/Src/stm32f1xx_hal_tim_ex.o
START GROUP
LOAD c:/st/stm32cubeide_1.12.1/stm32cubeide/plugins/com.st.stm32cube.ide.mcu.externaltools.gnu-tools-for-stm32.10.3-2021.10.win32_1.0.200.202301161003/tools/bin/../lib/gcc/arm-none-eabi/10.3.1/../../../../arm-none-eabi/lib/thumb/v7-m/nofp\libc_nano.a
LOAD c:/st/stm32cubeide_1.12.1/stm32cubeide/plugins/com.st.stm32cube.ide.mcu.externaltools.gnu-tools-for-stm32.10.3-2021.10.win32_1.0.200.202301161003/tools/bin/../lib/gcc/arm-none-eabi/10.3.1/../../../../arm-none-eabi/lib/thumb/v7-m/nofp\libm.a
END GROUP
START GROUP
LOAD c:/st/stm32cubeide_1.12.1/stm32cubeide/plugins/com.st.stm32cube.ide.mcu.externaltools.gnu-tools-for-stm32.10.3-2021.10.win32_1.0.200.202301161003/tools/bin/../lib/gcc/arm-none-eabi/10.3.1/thumb/v7-m/nofp\libgcc.a
LOAD c:/st/stm32cubeide_1.12.1/stm32cubeide/plugins/com.st.stm32cube.ide.mcu.externaltools.gnu-tools-for-stm32.10.3-2021.10.win32_1.0.200.202301161003/tools/bin/../lib/gcc/arm-none-eabi/10.3.1/../../../../arm-none-eabi/lib/thumb/v7-m/nofp\libc_nano.a
END GROUP
START GROUP
LOAD c:/st/stm32cubeide_1.12.1/stm32cubeide/plugins/com.st.stm32cube.ide.mcu.externaltools.gnu-tools-for-stm32.10.3-2021.10.win32_1.0.200.202301161003/tools/bin/../lib/gcc/arm-none-eabi/10.3.1/thumb/v7-m/nofp\libgcc.a
LOAD c:/st/stm32cubeide_1.12.1/stm32cubeide/plugins/com.st.stm32cube.ide.mcu.externaltools.gnu-tools-for-stm32.10.3-2021.10.win32_1.0.200.202301161003/tools/bin/../lib/gcc/arm-none-eabi/10.3.1/../../../../arm-none-eabi/lib/thumb/v7-m/nofp\libc_nano.a
LOAD c:/st/stm32cubeide_1.12.1/stm32cubeide/plugins/com.st.stm32cube.ide.mcu.externaltools.gnu-tools-for-stm32.10.3-2021.10.win32_1.0.200.202301161003/tools/bin/../lib/gcc/arm-none-eabi/10.3.1/../../../../arm-none-eabi/lib/thumb/v7-m/nofp\libnosys.a
END GROUP
START GROUP
LOAD c:/st/stm32cubeide_1.12.1/stm32cubeide/plugins/com.st.stm32cube.ide.mcu.externaltools.gnu-tools-for-stm32.10.3-2021.10.win32_1.0.200.202301161003/tools/bin/../lib/gcc/arm-none-eabi/10.3.1/thumb/v7-m/nofp\libgcc.a
LOAD c:/st/stm32cubeide_1.12.1/stm32cubeide/plugins/com.st.stm32cube.ide.mcu.externaltools.gnu-tools-for-stm32.10.3-2021.10.win32_1.0.200.202301161003/tools/bin/../lib/gcc/arm-none-eabi/10.3.1/../../../../arm-none-eabi/lib/thumb/v7-m/nofp\libc_nano.a
LOAD c:/st/stm32cubeide_1.12.1/stm32cubeide/plugins/com.st.stm32cube.ide.mcu.externaltools.gnu-tools-for-stm32.10.3-2021.10.win32_1.0.200.202301161003/tools/bin/../lib/gcc/arm-none-eabi/10.3.1/../../../../arm-none-eabi/lib/thumb/v7-m/nofp\libnosys.a
END GROUP
LOAD c:/st/stm32cubeide_1.12.1/stm32cubeide/plugins/com.st.stm32cube.ide.mcu.externaltools.gnu-tools-for-stm32.10.3-2021.10.win32_1.0.200.202301161003/tools/bin/../lib/gcc/arm-none-eabi/10.3.1/thumb/v7-m/nofp/crtend.o
LOAD c:/st/stm32cubeide_1.12.1/stm32cubeide/plugins/com.st.stm32cube.ide.mcu.externaltools.gnu-tools-for-stm32.10.3-2021.10.win32_1.0.200.202301161003/tools/bin/../lib/gcc/arm-none-eabi/10.3.1/thumb/v7-m/nofp/crtn.o
                0x0000000020002800                _estack = (ORIGIN (RAM) + LENGTH (RAM))
                0x0000000000000200                _Min_Heap_Size = 0x200
                0x0000000000000400                _Min_Stack_Size = 0x400

.isr_vector     0x0000000008000000      0x10c
                0x0000000008000000                . = ALIGN (0x4)
 *(.isr_vector)
 .isr_vector    0x0000000008000000      0x10c ./Core/Startup/startup_stm32f103c6ux.o
                0x0000000008000000                g_pfnVectors
                0x000000000800010c                . = ALIGN (0x4)

.text           0x000000000800010c     0x1cb8
                0x000000000800010c                . = ALIGN (0x4)
 *(.text)
 .text          0x000000000800010c       0x40 c:/st/stm32cubeide_1.12.1/stm32cubeide/plugins/com.st.stm32cube.ide.mcu.externaltools.gnu-tools-for-stm32.10.3-2021.10.win32_1.0.200.202301161003/tools/bin/../lib/gcc/arm-none-eabi/10.3.1/thumb/v7-m/nofp/crtbegin.o
 *(.text*)
 .text.update7SEG
                0x000000000800014c       0xf0 ./Core/Src/main.o
                0x000000000800014c                update7SEG
 .text.updateClockBuffer
                0x000000000800023c       0xa0 ./Core/Src/main.o
                0x000000000800023c                updateClockBuffer
 .text.main     0x00000000080002dc       0xbc ./Core/Src/main.o
                0x00000000080002dc                main
 .text.SystemClock_Config
                0x0000000008000398       0x76 ./Core/Src/main.o
                0x0000000008000398                SystemClock_Config
 *fill*         0x000000000800040e        0x2 
 .text.MX_TIM2_Init
                0x0000000008000410       0x98 ./Core/Src/main.o
 .text.MX_GPIO_Init
                0x00000000080004a8       0xa8 ./Core/Src/main.o
 .text.HAL_TIM_PeriodElapsedCallback
                0x0000000008000550       0x14 ./Core/Src/main.o
                0x0000000008000550                HAL_TIM_PeriodElapsedCallback
 .text.Error_Handler
                0x0000000008000564        0xa ./Core/Src/main.o
                0x0000000008000564                Error_Handler
 *fill*         0x000000000800056e        0x2 
 .text.setTimer1
                0x0000000008000570       0x28 ./Core/Src/software_timer.o
                0x0000000008000570                setTimer1
 .text.setTimer2
                0x0000000008000598       0x28 ./Core/Src/software_timer.o
                0x0000000008000598                setTimer2
 .text.timerRun
                0x00000000080005c0       0x84 ./Core/Src/software_timer.o
                0x00000000080005c0                timerRun
 .text.HAL_MspInit
                0x0000000008000644       0x44 ./Core/Src/stm32f1xx_hal_msp.o
                0x0000000008000644                HAL_MspInit
 .text.HAL_TIM_Base_MspInit
                0x0000000008000688       0x48 ./Core/Src/stm32f1xx_hal_msp.o
                0x0000000008000688                HAL_TIM_Base_MspInit
 .text.NMI_Handler
                0x00000000080006d0        0x6 ./Core/Src/stm32f1xx_it.o
                0x00000000080006d0                NMI_Handler
 .text.HardFault_Handler
                0x00000000080006d6        0x6 ./Core/Src/stm32f1xx_it.o
                0x00000000080006d6                HardFault_Handler
 .text.MemManage_Handler
                0x00000000080006dc        0x6 ./Core/Src/stm32f1xx_it.o
                0x00000000080006dc                MemManage_Handler
 .text.BusFault_Handler
                0x00000000080006e2        0x6 ./Core/Src/stm32f1xx_it.o
                0x00000000080006e2                BusFault_Handler
 .text.UsageFault_Handler
                0x00000000080006e8        0x6 ./Core/Src/stm32f1xx_it.o
                0x00000000080006e8                UsageFault_Handler
 .text.SVC_Handler
                0x00000000080006ee        0xc ./Core/Src/stm32f1xx_it.o
                0x00000000080006ee                SVC_Handler
 .text.DebugMon_Handler
                0x00000000080006fa        0xc ./Core/Src/stm32f1xx_it.o
                0x00000000080006fa                DebugMon_Handler
 .text.PendSV_Handler
                0x0000000008000706        0xc ./Core/Src/stm32f1xx_it.o
                0x0000000008000706                PendSV_Handler
 .text.SysTick_Handler
                0x0000000008000712        0xc ./Core/Src/stm32f1xx_it.o
                0x0000000008000712                SysTick_Handler
 *fill*         0x000000000800071e        0x2 
 .text.TIM2_IRQHandler
                0x0000000008000720       0x14 ./Core/Src/stm32f1xx_it.o
                0x0000000008000720                TIM2_IRQHandler
 .text.SystemInit
                0x0000000008000734        0xc ./Core/Src/system_stm32f1xx.o
                0x0000000008000734                SystemInit
 .text.Reset_Handler
                0x0000000008000740       0x48 ./Core/Startup/startup_stm32f103c6ux.o
                0x0000000008000740                Reset_Handler
 .text.Default_Handler
                0x0000000008000788        0x2 ./Core/Startup/startup_stm32f103c6ux.o
                0x0000000008000788                RTC_Alarm_IRQHandler
                0x0000000008000788                EXTI2_IRQHandler
                0x0000000008000788                TIM1_CC_IRQHandler
                0x0000000008000788                PVD_IRQHandler
                0x0000000008000788                EXTI3_IRQHandler
                0x0000000008000788                EXTI0_IRQHandler
                0x0000000008000788                ADC1_2_IRQHandler
                0x0000000008000788                SPI1_IRQHandler
                0x0000000008000788                TAMPER_IRQHandler
                0x0000000008000788                DMA1_Channel4_IRQHandler
                0x0000000008000788                RTC_IRQHandler
                0x0000000008000788                DMA1_Channel7_IRQHandler
                0x0000000008000788                CAN1_RX1_IRQHandler
                0x0000000008000788                I2C1_EV_IRQHandler
                0x0000000008000788                DMA1_Channel6_IRQHandler
                0x0000000008000788                TIM3_IRQHandler
                0x0000000008000788                RCC_IRQHandler
                0x0000000008000788                TIM1_TRG_COM_IRQHandler
                0x0000000008000788                DMA1_Channel1_IRQHandler
                0x0000000008000788                Default_Handler
                0x0000000008000788                EXTI15_10_IRQHandler
                0x0000000008000788                EXTI9_5_IRQHandler
                0x0000000008000788                DMA1_Channel5_IRQHandler
                0x0000000008000788                EXTI4_IRQHandler
                0x0000000008000788                USB_LP_CAN1_RX0_IRQHandler
                0x0000000008000788                USB_HP_CAN1_TX_IRQHandler
                0x0000000008000788                DMA1_Channel3_IRQHandler
                0x0000000008000788                TIM1_UP_IRQHandler
                0x0000000008000788                WWDG_IRQHandler
                0x0000000008000788                TIM1_BRK_IRQHandler
                0x0000000008000788                EXTI1_IRQHandler
                0x0000000008000788                USART2_IRQHandler
                0x0000000008000788                DMA1_Channel2_IRQHandler
                0x0000000008000788                CAN1_SCE_IRQHandler
                0x0000000008000788                FLASH_IRQHandler
                0x0000000008000788                USART1_IRQHandler
                0x0000000008000788                I2C1_ER_IRQHandler
                0x0000000008000788                USBWakeUp_IRQHandler
 *fill*         0x000000000800078a        0x2 
 .text.HAL_Init
                0x000000000800078c       0x2c ./Drivers/STM32F1xx_HAL_Driver/Src/stm32f1xx_hal.o
                0x000000000800078c                HAL_Init
 .text.HAL_InitTick
                0x00000000080007b8       0x60 ./Drivers/STM32F1xx_HAL_Driver/Src/stm32f1xx_hal.o
                0x00000000080007b8                HAL_InitTick
 .text.HAL_IncTick
                0x0000000008000818       0x24 ./Drivers/STM32F1xx_HAL_Driver/Src/stm32f1xx_hal.o
                0x0000000008000818                HAL_IncTick
 .text.HAL_GetTick
                0x000000000800083c       0x14 ./Drivers/STM32F1xx_HAL_Driver/Src/stm32f1xx_hal.o
                0x000000000800083c                HAL_GetTick
 .text.__NVIC_SetPriorityGrouping
                0x0000000008000850       0x48 ./Drivers/STM32F1xx_HAL_Driver/Src/stm32f1xx_hal_cortex.o
 .text.__NVIC_GetPriorityGrouping
                0x0000000008000898       0x1c ./Drivers/STM32F1xx_HAL_Driver/Src/stm32f1xx_hal_cortex.o
 .text.__NVIC_EnableIRQ
                0x00000000080008b4       0x38 ./Drivers/STM32F1xx_HAL_Driver/Src/stm32f1xx_hal_cortex.o
 .text.__NVIC_SetPriority
                0x00000000080008ec       0x54 ./Drivers/STM32F1xx_HAL_Driver/Src/stm32f1xx_hal_cortex.o
 .text.NVIC_EncodePriority
                0x0000000008000940       0x64 ./Drivers/STM32F1xx_HAL_Driver/Src/stm32f1xx_hal_cortex.o
 .text.SysTick_Config
                0x00000000080009a4       0x44 ./Drivers/STM32F1xx_HAL_Driver/Src/stm32f1xx_hal_cortex.o
 .text.HAL_NVIC_SetPriorityGrouping
                0x00000000080009e8       0x16 ./Drivers/STM32F1xx_HAL_Driver/Src/stm32f1xx_hal_cortex.o
                0x00000000080009e8                HAL_NVIC_SetPriorityGrouping
 .text.HAL_NVIC_SetPriority
                0x00000000080009fe       0x38 ./Drivers/STM32F1xx_HAL_Driver/Src/stm32f1xx_hal_cortex.o
                0x00000000080009fe                HAL_NVIC_SetPriority
 .text.HAL_NVIC_EnableIRQ
                0x0000000008000a36       0x1c ./Drivers/STM32F1xx_HAL_Driver/Src/stm32f1xx_hal_cortex.o
                0x0000000008000a36                HAL_NVIC_EnableIRQ
 .text.HAL_SYSTICK_Config
                0x0000000008000a52       0x18 ./Drivers/STM32F1xx_HAL_Driver/Src/stm32f1xx_hal_cortex.o
                0x0000000008000a52                HAL_SYSTICK_Config
 *fill*         0x0000000008000a6a        0x2 
 .text.HAL_GPIO_Init
                0x0000000008000a6c      0x2f8 ./Drivers/STM32F1xx_HAL_Driver/Src/stm32f1xx_hal_gpio.o
                0x0000000008000a6c                HAL_GPIO_Init
 .text.HAL_GPIO_WritePin
                0x0000000008000d64       0x30 ./Drivers/STM32F1xx_HAL_Driver/Src/stm32f1xx_hal_gpio.o
                0x0000000008000d64                HAL_GPIO_WritePin
 .text.HAL_GPIO_TogglePin
                0x0000000008000d94       0x32 ./Drivers/STM32F1xx_HAL_Driver/Src/stm32f1xx_hal_gpio.o
                0x0000000008000d94                HAL_GPIO_TogglePin
 *fill*         0x0000000008000dc6        0x2 
 .text.HAL_RCC_OscConfig
                0x0000000008000dc8      0x504 ./Drivers/STM32F1xx_HAL_Driver/Src/stm32f1xx_hal_rcc.o
                0x0000000008000dc8                HAL_RCC_OscConfig
 .text.HAL_RCC_ClockConfig
                0x00000000080012cc      0x1d4 ./Drivers/STM32F1xx_HAL_Driver/Src/stm32f1xx_hal_rcc.o
                0x00000000080012cc                HAL_RCC_ClockConfig
 .text.HAL_RCC_GetSysClockFreq
                0x00000000080014a0       0xa8 ./Drivers/STM32F1xx_HAL_Driver/Src/stm32f1xx_hal_rcc.o
                0x00000000080014a0                HAL_RCC_GetSysClockFreq
 .text.RCC_Delay
                0x0000000008001548       0x3c ./Drivers/STM32F1xx_HAL_Driver/Src/stm32f1xx_hal_rcc.o
 .text.HAL_TIM_Base_Init
                0x0000000008001584       0x9e ./Drivers/STM32F1xx_HAL_Driver/Src/stm32f1xx_hal_tim.o
                0x0000000008001584                HAL_TIM_Base_Init
 *fill*         0x0000000008001622        0x2 
 .text.HAL_TIM_Base_Start_IT
                0x0000000008001624       0x98 ./Drivers/STM32F1xx_HAL_Driver/Src/stm32f1xx_hal_tim.o
                0x0000000008001624                HAL_TIM_Base_Start_IT
 .text.HAL_TIM_IRQHandler
                0x00000000080016bc      0x210 ./Drivers/STM32F1xx_HAL_Driver/Src/stm32f1xx_hal_tim.o
                0x00000000080016bc                HAL_TIM_IRQHandler
 .text.HAL_TIM_ConfigClockSource
                0x00000000080018cc      0x18e ./Drivers/STM32F1xx_HAL_Driver/Src/stm32f1xx_hal_tim.o
                0x00000000080018cc                HAL_TIM_ConfigClockSource
 .text.HAL_TIM_OC_DelayElapsedCallback
                0x0000000008001a5a       0x12 ./Drivers/STM32F1xx_HAL_Driver/Src/stm32f1xx_hal_tim.o
                0x0000000008001a5a                HAL_TIM_OC_DelayElapsedCallback
 .text.HAL_TIM_IC_CaptureCallback
                0x0000000008001a6c       0x12 ./Drivers/STM32F1xx_HAL_Driver/Src/stm32f1xx_hal_tim.o
                0x0000000008001a6c                HAL_TIM_IC_CaptureCallback
 .text.HAL_TIM_PWM_PulseFinishedCallback
                0x0000000008001a7e       0x12 ./Drivers/STM32F1xx_HAL_Driver/Src/stm32f1xx_hal_tim.o
                0x0000000008001a7e                HAL_TIM_PWM_PulseFinishedCallback
 .text.HAL_TIM_TriggerCallback
                0x0000000008001a90       0x12 ./Drivers/STM32F1xx_HAL_Driver/Src/stm32f1xx_hal_tim.o
                0x0000000008001a90                HAL_TIM_TriggerCallback
 *fill*         0x0000000008001aa2        0x2 
 .text.TIM_Base_SetConfig
                0x0000000008001aa4       0xb0 ./Drivers/STM32F1xx_HAL_Driver/Src/stm32f1xx_hal_tim.o
                0x0000000008001aa4                TIM_Base_SetConfig
 .text.TIM_TI1_ConfigInputStage
                0x0000000008001b54       0x5c ./Drivers/STM32F1xx_HAL_Driver/Src/stm32f1xx_hal_tim.o
 .text.TIM_TI2_ConfigInputStage
                0x0000000008001bb0       0x5e ./Drivers/STM32F1xx_HAL_Driver/Src/stm32f1xx_hal_tim.o
 .text.TIM_ITRx_SetConfig
                0x0000000008001c0e       0x34 ./Drivers/STM32F1xx_HAL_Driver/Src/stm32f1xx_hal_tim.o
 .text.TIM_ETR_SetConfig
                0x0000000008001c42       0x3e ./Drivers/STM32F1xx_HAL_Driver/Src/stm32f1xx_hal_tim.o
                0x0000000008001c42                TIM_ETR_SetConfig
 .text.HAL_TIMEx_MasterConfigSynchronization
                0x0000000008001c80       0xb0 ./Drivers/STM32F1xx_HAL_Driver/Src/stm32f1xx_hal_tim_ex.o
                0x0000000008001c80                HAL_TIMEx_MasterConfigSynchronization
 .text.HAL_TIMEx_CommutCallback
                0x0000000008001d30       0x12 ./Drivers/STM32F1xx_HAL_Driver/Src/stm32f1xx_hal_tim_ex.o
                0x0000000008001d30                HAL_TIMEx_CommutCallback
 .text.HAL_TIMEx_BreakCallback
                0x0000000008001d42       0x12 ./Drivers/STM32F1xx_HAL_Driver/Src/stm32f1xx_hal_tim_ex.o
                0x0000000008001d42                HAL_TIMEx_BreakCallback
 .text.__libc_init_array
                0x0000000008001d54       0x48 c:/st/stm32cubeide_1.12.1/stm32cubeide/plugins/com.st.stm32cube.ide.mcu.externaltools.gnu-tools-for-stm32.10.3-2021.10.win32_1.0.200.202301161003/tools/bin/../lib/gcc/arm-none-eabi/10.3.1/../../../../arm-none-eabi/lib/thumb/v7-m/nofp\libc_nano.a(lib_a-init.o)
                0x0000000008001d54                __libc_init_array
 .text.memset   0x0000000008001d9c       0x10 c:/st/stm32cubeide_1.12.1/stm32cubeide/plugins/com.st.stm32cube.ide.mcu.externaltools.gnu-tools-for-stm32.10.3-2021.10.win32_1.0.200.202301161003/tools/bin/../lib/gcc/arm-none-eabi/10.3.1/../../../../arm-none-eabi/lib/thumb/v7-m/nofp\libc_nano.a(lib_a-memset.o)
                0x0000000008001d9c                memset
 *(.glue_7)
 .glue_7        0x0000000008001dac        0x0 linker stubs
 *(.glue_7t)
 .glue_7t       0x0000000008001dac        0x0 linker stubs
 *(.eh_frame)
 .eh_frame      0x0000000008001dac        0x0 c:/st/stm32cubeide_1.12.1/stm32cubeide/plugins/com.st.stm32cube.ide.mcu.externaltools.gnu-tools-for-stm32.10.3-2021.10.win32_1.0.200.202301161003/tools/bin/../lib/gcc/arm-none-eabi/10.3.1/thumb/v7-m/nofp/crtbegin.o
 *(.init)
 .init          0x0000000008001dac        0x4 c:/st/stm32cubeide_1.12.1/stm32cubeide/plugins/com.st.stm32cube.ide.mcu.externaltools.gnu-tools-for-stm32.10.3-2021.10.win32_1.0.200.202301161003/tools/bin/../lib/gcc/arm-none-eabi/10.3.1/thumb/v7-m/nofp/crti.o
                0x0000000008001dac                _init
 .init          0x0000000008001db0        0x8 c:/st/stm32cubeide_1.12.1/stm32cubeide/plugins/com.st.stm32cube.ide.mcu.externaltools.gnu-tools-for-stm32.10.3-2021.10.win32_1.0.200.202301161003/tools/bin/../lib/gcc/arm-none-eabi/10.3.1/thumb/v7-m/nofp/crtn.o
 *(.fini)
 .fini          0x0000000008001db8        0x4 c:/st/stm32cubeide_1.12.1/stm32cubeide/plugins/com.st.stm32cube.ide.mcu.externaltools.gnu-tools-for-stm32.10.3-2021.10.win32_1.0.200.202301161003/tools/bin/../lib/gcc/arm-none-eabi/10.3.1/thumb/v7-m/nofp/crti.o
                0x0000000008001db8                _fini
 .fini          0x0000000008001dbc        0x8 c:/st/stm32cubeide_1.12.1/stm32cubeide/plugins/com.st.stm32cube.ide.mcu.externaltools.gnu-tools-for-stm32.10.3-2021.10.win32_1.0.200.202301161003/tools/bin/../lib/gcc/arm-none-eabi/10.3.1/thumb/v7-m/nofp/crtn.o
                0x0000000008001dc4                . = ALIGN (0x4)
                0x0000000008001dc4                _etext = .

.vfp11_veneer   0x0000000008001dc4        0x0
 .vfp11_veneer  0x0000000008001dc4        0x0 linker stubs

.v4_bx          0x0000000008001dc4        0x0
 .v4_bx         0x0000000008001dc4        0x0 linker stubs

.iplt           0x0000000008001dc4        0x0
 .iplt          0x0000000008001dc4        0x0 c:/st/stm32cubeide_1.12.1/stm32cubeide/plugins/com.st.stm32cube.ide.mcu.externaltools.gnu-tools-for-stm32.10.3-2021.10.win32_1.0.200.202301161003/tools/bin/../lib/gcc/arm-none-eabi/10.3.1/thumb/v7-m/nofp/crtbegin.o

.rodata         0x0000000008001dc4       0x30
                0x0000000008001dc4                . = ALIGN (0x4)
 *(.rodata)
 *(.rodata*)
 .rodata.led_pattern
                0x0000000008001dc4        0xa ./Core/Src/main.o
                0x0000000008001dc4                led_pattern
 *fill*         0x0000000008001dce        0x2 
 .rodata.AHBPrescTable
                0x0000000008001dd0       0x10 ./Core/Src/system_stm32f1xx.o
                0x0000000008001dd0                AHBPrescTable
 .rodata.aPLLMULFactorTable.1
                0x0000000008001de0       0x10 ./Drivers/STM32F1xx_HAL_Driver/Src/stm32f1xx_hal_rcc.o
 .rodata.aPredivFactorTable.0
                0x0000000008001df0        0x2 ./Drivers/STM32F1xx_HAL_Driver/Src/stm32f1xx_hal_rcc.o
                0x0000000008001df4                . = ALIGN (0x4)
 *fill*         0x0000000008001df2        0x2 

.rel.dyn        0x0000000008001df4        0x0
 .rel.iplt      0x0000000008001df4        0x0 c:/st/stm32cubeide_1.12.1/stm32cubeide/plugins/com.st.stm32cube.ide.mcu.externaltools.gnu-tools-for-stm32.10.3-2021.10.win32_1.0.200.202301161003/tools/bin/../lib/gcc/arm-none-eabi/10.3.1/thumb/v7-m/nofp/crtbegin.o

.ARM.extab      0x0000000008001df4        0x0
                0x0000000008001df4                . = ALIGN (0x4)
 *(.ARM.extab* .gnu.linkonce.armextab.*)
                0x0000000008001df4                . = ALIGN (0x4)

.ARM            0x0000000008001df4        0x0
                0x0000000008001df4                . = ALIGN (0x4)
                0x0000000008001df4                __exidx_start = .
 *(.ARM.exidx*)
                0x0000000008001df4                __exidx_end = .
                0x0000000008001df4                . = ALIGN (0x4)

.preinit_array  0x0000000008001df4        0x0
                0x0000000008001df4                . = ALIGN (0x4)
                0x0000000008001df4                PROVIDE (__preinit_array_start = .)
 *(.preinit_array*)
                0x0000000008001df4                PROVIDE (__preinit_array_end = .)
                0x0000000008001df4                . = ALIGN (0x4)

.init_array     0x0000000008001df4        0x4
                0x0000000008001df4                . = ALIGN (0x4)
                0x0000000008001df4                PROVIDE (__init_array_start = .)
 *(SORT_BY_NAME(.init_array.*))
 *(.init_array*)
 .init_array    0x0000000008001df4        0x4 c:/st/stm32cubeide_1.12.1/stm32cubeide/plugins/com.st.stm32cube.ide.mcu.externaltools.gnu-tools-for-stm32.10.3-2021.10.win32_1.0.200.202301161003/tools/bin/../lib/gcc/arm-none-eabi/10.3.1/thumb/v7-m/nofp/crtbegin.o
                0x0000000008001df8                PROVIDE (__init_array_end = .)
                0x0000000008001df8                . = ALIGN (0x4)

.fini_array     0x0000000008001df8        0x4
                0x0000000008001df8                . = ALIGN (0x4)
                [!provide]                        PROVIDE (__fini_array_start = .)
 *(SORT_BY_NAME(.fini_array.*))
 *(.fini_array*)
 .fini_array    0x0000000008001df8        0x4 c:/st/stm32cubeide_1.12.1/stm32cubeide/plugins/com.st.stm32cube.ide.mcu.externaltools.gnu-tools-for-stm32.10.3-2021.10.win32_1.0.200.202301161003/tools/bin/../lib/gcc/arm-none-eabi/10.3.1/thumb/v7-m/nofp/crtbegin.o
                [!provide]                        PROVIDE (__fini_array_end = .)
                0x0000000008001dfc                . = ALIGN (0x4)
                0x0000000008001dfc                _sidata = LOADADDR (.data)

.data           0x0000000020000000       0x20 load address 0x0000000008001dfc
                0x0000000020000000                . = ALIGN (0x4)
                0x0000000020000000                _sdata = .
 *(.data)
 *(.data*)
 .data.led_buffer
                0x0000000020000000       0x10 ./Core/Src/main.o
                0x0000000020000000                led_buffer
 .data.seg7_pin
                0x0000000020000010        0x2 ./Core/Src/main.o
                0x0000000020000010                seg7_pin
 *fill*         0x0000000020000012        0x2 
 .data.SystemCoreClock
                0x0000000020000014        0x4 ./Core/Src/system_stm32f1xx.o
                0x0000000020000014                SystemCoreClock
 .data.uwTickPrio
                0x0000000020000018        0x4 ./Drivers/STM32F1xx_HAL_Driver/Src/stm32f1xx_hal.o
                0x0000000020000018                uwTickPrio
 .data.uwTickFreq
                0x000000002000001c        0x1 ./Drivers/STM32F1xx_HAL_Driver/Src/stm32f1xx_hal.o
                0x000000002000001c                uwTickFreq
 *(.RamFunc)
 *(.RamFunc*)
                0x0000000020000020                . = ALIGN (0x4)
 *fill*         0x000000002000001d        0x3 
                0x0000000020000020                _edata = .

.igot.plt       0x0000000020000020        0x0 load address 0x0000000008001e1c
 .igot.plt      0x0000000020000020        0x0 c:/st/stm32cubeide_1.12.1/stm32cubeide/plugins/com.st.stm32cube.ide.mcu.externaltools.gnu-tools-for-stm32.10.3-2021.10.win32_1.0.200.202301161003/tools/bin/../lib/gcc/arm-none-eabi/10.3.1/thumb/v7-m/nofp/crtbegin.o
                0x0000000020000020                . = ALIGN (0x4)

.bss            0x0000000020000020       0x80 load address 0x0000000008001e1c
                0x0000000020000020                _sbss = .
                0x0000000020000020                __bss_start__ = _sbss
 *(.bss)
 .bss           0x0000000020000020       0x1c c:/st/stm32cubeide_1.12.1/stm32cubeide/plugins/com.st.stm32cube.ide.mcu.externaltools.gnu-tools-for-stm32.10.3-2021.10.win32_1.0.200.202301161003/tools/bin/../lib/gcc/arm-none-eabi/10.3.1/thumb/v7-m/nofp/crtbegin.o
 *(.bss*)
 .bss.htim2     0x000000002000003c       0x48 ./Core/Src/main.o
                0x000000002000003c                htim2
 .bss.timer1_counter
                0x0000000020000084        0x4 ./Core/Src/software_timer.o
                0x0000000020000084                timer1_counter
 .bss.timer1_flag
                0x0000000020000088        0x4 ./Core/Src/software_timer.o
                0x0000000020000088                timer1_flag
 .bss.timer2_counter
                0x000000002000008c        0x4 ./Core/Src/software_timer.o
                0x000000002000008c                timer2_counter
 .bss.timer2_flag
                0x0000000020000090        0x4 ./Core/Src/software_timer.o
                0x0000000020000090                timer2_flag
 .bss.timer3_counter
                0x0000000020000094        0x4 ./Core/Src/software_timer.o
                0x0000000020000094                timer3_counter
 .bss.timer3_flag
                0x0000000020000098        0x4 ./Core/Src/software_timer.o
                0x0000000020000098                timer3_flag
 .bss.uwTick    0x000000002000009c        0x4 ./Drivers/STM32F1xx_HAL_Driver/Src/stm32f1xx_hal.o
                0x000000002000009c                uwTick
 *(COMMON)
                0x00000000200000a0                . = ALIGN (0x4)
                0x00000000200000a0                _ebss = .
                0x00000000200000a0                __bss_end__ = _ebss

._user_heap_stack
                0x00000000200000a0      0x600 load address 0x0000000008001e1c
                0x00000000200000a0                . = ALIGN (0x8)
                [!provide]                        PROVIDE (end = .)
                0x00000000200000a0                PROVIDE (_end = .)
                0x00000000200002a0                . = (. + _Min_Heap_Size)
 *fill*         0x00000000200000a0      0x200 
                0x00000000200006a0                . = (. + _Min_Stack_Size)
 *fill*         0x00000000200002a0      0x400 
                0x00000000200006a0                . = ALIGN (0x8)

/DISCARD/
 libc.a(*)
 libm.a(*)
 libgcc.a(*)

.ARM.attributes
                0x0000000000000000       0x29
 *(.ARM.attributes)
 .ARM.attributes
                0x0000000000000000       0x1d c:/st/stm32cubeide_1.12.1/stm32cubeide/plugins/com.st.stm32cube.ide.mcu.externaltools.gnu-tools-for-stm32.10.3-2021.10.win32_1.0.200.202301161003/tools/bin/../lib/gcc/arm-none-eabi/10.3.1/thumb/v7-m/nofp/crti.o
 .ARM.attributes
                0x000000000000001d       0x2d c:/st/stm32cubeide_1.12.1/stm32cubeide/plugins/com.st.stm32cube.ide.mcu.externaltools.gnu-tools-for-stm32.10.3-2021.10.win32_1.0.200.202301161003/tools/bin/../lib/gcc/arm-none-eabi/10.3.1/thumb/v7-m/nofp/crtbegin.o
 .ARM.attributes
                0x000000000000004a       0x2d ./Core/Src/main.o
 .ARM.attributes
                0x0000000000000077       0x2d ./Core/Src/software_timer.o
 .ARM.attributes
                0x00000000000000a4       0x2d ./Core/Src/stm32f1xx_hal_msp.o
 .ARM.attributes
                0x00000000000000d1       0x2d ./Core/Src/stm32f1xx_it.o
 .ARM.attributes
                0x00000000000000fe       0x2d ./Core/Src/system_stm32f1xx.o
 .ARM.attributes
                0x000000000000012b       0x21 ./Core/Startup/startup_stm32f103c6ux.o
 .ARM.attributes
                0x000000000000014c       0x2d ./Drivers/STM32F1xx_HAL_Driver/Src/stm32f1xx_hal.o
 .ARM.attributes
                0x0000000000000179       0x2d ./Drivers/STM32F1xx_HAL_Driver/Src/stm32f1xx_hal_cortex.o
 .ARM.attributes
                0x00000000000001a6       0x2d ./Drivers/STM32F1xx_HAL_Driver/Src/stm32f1xx_hal_gpio.o
 .ARM.attributes
                0x00000000000001d3       0x2d ./Drivers/STM32F1xx_HAL_Driver/Src/stm32f1xx_hal_rcc.o
 .ARM.attributes
                0x0000000000000200       0x2d ./Drivers/STM32F1xx_HAL_Driver/Src/stm32f1xx_hal_tim.o
 .ARM.attributes
                0x000000000000022d       0x2d ./Drivers/STM32F1xx_HAL_Driver/Src/stm32f1xx_hal_tim_ex.o
 .ARM.attributes
                0x000000000000025a       0x2d c:/st/stm32cubeide_1.12.1/stm32cubeide/plugins/com.st.stm32cube.ide.mcu.externaltools.gnu-tools-for-stm32.10.3-2021.10.win32_1.0.200.202301161003/tools/bin/../lib/gcc/arm-none-eabi/10.3.1/../../../../arm-none-eabi/lib/thumb/v7-m/nofp\libc_nano.a(lib_a-init.o)
 .ARM.attributes
                0x0000000000000287       0x2d c:/st/stm32cubeide_1.12.1/stm32cubeide/plugins/com.st.stm32cube.ide.mcu.externaltools.gnu-tools-for-stm32.10.3-2021.10.win32_1.0.200.202301161003/tools/bin/../lib/gcc/arm-none-eabi/10.3.1/../../../../arm-none-eabi/lib/thumb/v7-m/nofp\libc_nano.a(lib_a-memset.o)
 .ARM.attributes
                0x00000000000002b4       0x1d c:/st/stm32cubeide_1.12.1/stm32cubeide/plugins/com.st.stm32cube.ide.mcu.externaltools.gnu-tools-for-stm32.10.3-2021.10.win32_1.0.200.202301161003/tools/bin/../lib/gcc/arm-none-eabi/10.3.1/thumb/v7-m/nofp/crtn.o
OUTPUT(Lab2_ex3.elf elf32-littlearm)
LOAD linker stubs
LOAD c:/st/stm32cubeide_1.12.1/stm32cubeide/plugins/com.st.stm32cube.ide.mcu.externaltools.gnu-tools-for-stm32.10.3-2021.10.win32_1.0.200.202301161003/tools/bin/../lib/gcc/arm-none-eabi/10.3.1/../../../../arm-none-eabi/lib/thumb/v7-m/nofp\libc.a
LOAD c:/st/stm32cubeide_1.12.1/stm32cubeide/plugins/com.st.stm32cube.ide.mcu.externaltools.gnu-tools-for-stm32.10.3-2021.10.win32_1.0.200.202301161003/tools/bin/../lib/gcc/arm-none-eabi/10.3.1/../../../../arm-none-eabi/lib/thumb/v7-m/nofp\libm.a
LOAD c:/st/stm32cubeide_1.12.1/stm32cubeide/plugins/com.st.stm32cube.ide.mcu.externaltools.gnu-tools-for-stm32.10.3-2021.10.win32_1.0.200.202301161003/tools/bin/../lib/gcc/arm-none-eabi/10.3.1/thumb/v7-m/nofp\libgcc.a

.debug_info     0x0000000000000000     0x82d1
 .debug_info    0x0000000000000000      0xd6f ./Core/Src/main.o
 .debug_info    0x0000000000000d6f      0x134 ./Core/Src/software_timer.o
 .debug_info    0x0000000000000ea3      0x8dc ./Core/Src/stm32f1xx_hal_msp.o
 .debug_info    0x000000000000177f      0x6ef ./Core/Src/stm32f1xx_it.o
 .debug_info    0x0000000000001e6e      0x23d ./Core/Src/system_stm32f1xx.o
 .debug_info    0x00000000000020ab       0x22 ./Core/Startup/startup_stm32f103c6ux.o
 .debug_info    0x00000000000020cd      0x716 ./Drivers/STM32F1xx_HAL_Driver/Src/stm32f1xx_hal.o
 .debug_info    0x00000000000027e3      0xb02 ./Drivers/STM32F1xx_HAL_Driver/Src/stm32f1xx_hal_cortex.o
 .debug_info    0x00000000000032e5      0x615 ./Drivers/STM32F1xx_HAL_Driver/Src/stm32f1xx_hal_gpio.o
 .debug_info    0x00000000000038fa      0x865 ./Drivers/STM32F1xx_HAL_Driver/Src/stm32f1xx_hal_rcc.o
 .debug_info    0x000000000000415f     0x2bab ./Drivers/STM32F1xx_HAL_Driver/Src/stm32f1xx_hal_tim.o
 .debug_info    0x0000000000006d0a     0x15c7 ./Drivers/STM32F1xx_HAL_Driver/Src/stm32f1xx_hal_tim_ex.o

.debug_abbrev   0x0000000000000000     0x1633
 .debug_abbrev  0x0000000000000000      0x2e5 ./Core/Src/main.o
 .debug_abbrev  0x00000000000002e5       0xc3 ./Core/Src/software_timer.o
 .debug_abbrev  0x00000000000003a8      0x19f ./Core/Src/stm32f1xx_hal_msp.o
 .debug_abbrev  0x0000000000000547      0x184 ./Core/Src/stm32f1xx_it.o
 .debug_abbrev  0x00000000000006cb      0x13b ./Core/Src/system_stm32f1xx.o
 .debug_abbrev  0x0000000000000806       0x12 ./Core/Startup/startup_stm32f103c6ux.o
 .debug_abbrev  0x0000000000000818      0x1fb ./Drivers/STM32F1xx_HAL_Driver/Src/stm32f1xx_hal.o
 .debug_abbrev  0x0000000000000a13      0x2ed ./Drivers/STM32F1xx_HAL_Driver/Src/stm32f1xx_hal_cortex.o
 .debug_abbrev  0x0000000000000d00      0x1bb ./Drivers/STM32F1xx_HAL_Driver/Src/stm32f1xx_hal_gpio.o
 .debug_abbrev  0x0000000000000ebb      0x2a8 ./Drivers/STM32F1xx_HAL_Driver/Src/stm32f1xx_hal_rcc.o
 .debug_abbrev  0x0000000000001163      0x264 ./Drivers/STM32F1xx_HAL_Driver/Src/stm32f1xx_hal_tim.o
 .debug_abbrev  0x00000000000013c7      0x26c ./Drivers/STM32F1xx_HAL_Driver/Src/stm32f1xx_hal_tim_ex.o

.debug_aranges  0x0000000000000000      0x978
 .debug_aranges
                0x0000000000000000       0x58 ./Core/Src/main.o
 .debug_aranges
                0x0000000000000058       0x38 ./Core/Src/software_timer.o
 .debug_aranges
                0x0000000000000090       0x30 ./Core/Src/stm32f1xx_hal_msp.o
 .debug_aranges
                0x00000000000000c0       0x68 ./Core/Src/stm32f1xx_it.o
 .debug_aranges
                0x0000000000000128       0x28 ./Core/Src/system_stm32f1xx.o
 .debug_aranges
                0x0000000000000150       0x28 ./Core/Startup/startup_stm32f103c6ux.o
 .debug_aranges
                0x0000000000000178       0xe0 ./Drivers/STM32F1xx_HAL_Driver/Src/stm32f1xx_hal.o
 .debug_aranges
                0x0000000000000258      0x100 ./Drivers/STM32F1xx_HAL_Driver/Src/stm32f1xx_hal_cortex.o
 .debug_aranges
                0x0000000000000358       0x58 ./Drivers/STM32F1xx_HAL_Driver/Src/stm32f1xx_hal_gpio.o
 .debug_aranges
                0x00000000000003b0       0x90 ./Drivers/STM32F1xx_HAL_Driver/Src/stm32f1xx_hal_rcc.o
 .debug_aranges
                0x0000000000000440      0x3d0 ./Drivers/STM32F1xx_HAL_Driver/Src/stm32f1xx_hal_tim.o
 .debug_aranges
                0x0000000000000810      0x168 ./Drivers/STM32F1xx_HAL_Driver/Src/stm32f1xx_hal_tim_ex.o

.debug_ranges   0x0000000000000000      0x8c0
 .debug_ranges  0x0000000000000000       0x48 ./Core/Src/main.o
 .debug_ranges  0x0000000000000048       0x28 ./Core/Src/software_timer.o
 .debug_ranges  0x0000000000000070       0x20 ./Core/Src/stm32f1xx_hal_msp.o
 .debug_ranges  0x0000000000000090       0x58 ./Core/Src/stm32f1xx_it.o
 .debug_ranges  0x00000000000000e8       0x18 ./Core/Src/system_stm32f1xx.o
 .debug_ranges  0x0000000000000100       0x20 ./Core/Startup/startup_stm32f103c6ux.o
 .debug_ranges  0x0000000000000120       0xd0 ./Drivers/STM32F1xx_HAL_Driver/Src/stm32f1xx_hal.o
 .debug_ranges  0x00000000000001f0       0xf0 ./Drivers/STM32F1xx_HAL_Driver/Src/stm32f1xx_hal_cortex.o
 .debug_ranges  0x00000000000002e0       0x48 ./Drivers/STM32F1xx_HAL_Driver/Src/stm32f1xx_hal_gpio.o
 .debug_ranges  0x0000000000000328       0x80 ./Drivers/STM32F1xx_HAL_Driver/Src/stm32f1xx_hal_rcc.o
 .debug_ranges  0x00000000000003a8      0x3c0 ./Drivers/STM32F1xx_HAL_Driver/Src/stm32f1xx_hal_tim.o
 .debug_ranges  0x0000000000000768      0x158 ./Drivers/STM32F1xx_HAL_Driver/Src/stm32f1xx_hal_tim_ex.o

.debug_macro    0x0000000000000000    0x1627c
 .debug_macro   0x0000000000000000      0x1b0 ./Core/Src/main.o
 .debug_macro   0x00000000000001b0      0xa6c ./Core/Src/main.o
 .debug_macro   0x0000000000000c1c      0x215 ./Core/Src/main.o
 .debug_macro   0x0000000000000e31       0x2e ./Core/Src/main.o
 .debug_macro   0x0000000000000e5f       0x22 ./Core/Src/main.o
 .debug_macro   0x0000000000000e81       0x22 ./Core/Src/main.o
 .debug_macro   0x0000000000000ea3       0x8e ./Core/Src/main.o
 .debug_macro   0x0000000000000f31       0x51 ./Core/Src/main.o
 .debug_macro   0x0000000000000f82      0x103 ./Core/Src/main.o
 .debug_macro   0x0000000000001085       0x6a ./Core/Src/main.o
 .debug_macro   0x00000000000010ef      0x1df ./Core/Src/main.o
 .debug_macro   0x00000000000012ce       0x1c ./Core/Src/main.o
 .debug_macro   0x00000000000012ea       0x22 ./Core/Src/main.o
 .debug_macro   0x000000000000130c       0xbd ./Core/Src/main.o
 .debug_macro   0x00000000000013c9      0xd23 ./Core/Src/main.o
 .debug_macro   0x00000000000020ec     0xde75 ./Core/Src/main.o
 .debug_macro   0x000000000000ff61       0x6d ./Core/Src/main.o
 .debug_macro   0x000000000000ffce     0x348d ./Core/Src/main.o
 .debug_macro   0x000000000001345b      0x174 ./Core/Src/main.o
 .debug_macro   0x00000000000135cf       0x5c ./Core/Src/main.o
 .debug_macro   0x000000000001362b      0x5bc ./Core/Src/main.o
 .debug_macro   0x0000000000013be7      0x1b7 ./Core/Src/main.o
 .debug_macro   0x0000000000013d9e      0x1cb ./Core/Src/main.o
 .debug_macro   0x0000000000013f69      0x114 ./Core/Src/main.o
 .debug_macro   0x000000000001407d      0x1b2 ./Core/Src/main.o
 .debug_macro   0x000000000001422f       0x27 ./Core/Src/main.o
 .debug_macro   0x0000000000014256      0x12f ./Core/Src/main.o
 .debug_macro   0x0000000000014385      0x1bc ./Core/Src/main.o
 .debug_macro   0x0000000000014541       0x34 ./Core/Src/main.o
 .debug_macro   0x0000000000014575       0x3c ./Core/Src/main.o
 .debug_macro   0x00000000000145b1       0x57 ./Core/Src/main.o
 .debug_macro   0x0000000000014608       0x87 ./Core/Src/main.o
 .debug_macro   0x000000000001468f      0x183 ./Core/Src/main.o
 .debug_macro   0x0000000000014812      0x140 ./Core/Src/main.o
 .debug_macro   0x0000000000014952      0x8ed ./Core/Src/main.o
 .debug_macro   0x000000000001523f       0x69 ./Core/Src/main.o
 .debug_macro   0x00000000000152a8       0xa0 ./Core/Src/main.o
 .debug_macro   0x0000000000015348       0x1b ./Core/Src/software_timer.o
 .debug_macro   0x0000000000015363      0x1a6 ./Core/Src/stm32f1xx_hal_msp.o
 .debug_macro   0x0000000000015509      0x1b0 ./Core/Src/stm32f1xx_it.o
 .debug_macro   0x00000000000156b9      0x197 ./Core/Src/system_stm32f1xx.o
 .debug_macro   0x0000000000015850      0x1bb ./Drivers/STM32F1xx_HAL_Driver/Src/stm32f1xx_hal.o
 .debug_macro   0x0000000000015a0b      0x197 ./Drivers/STM32F1xx_HAL_Driver/Src/stm32f1xx_hal_cortex.o
 .debug_macro   0x0000000000015ba2      0x202 ./Drivers/STM32F1xx_HAL_Driver/Src/stm32f1xx_hal_gpio.o
 .debug_macro   0x0000000000015da4      0x1a9 ./Drivers/STM32F1xx_HAL_Driver/Src/stm32f1xx_hal_rcc.o
 .debug_macro   0x0000000000015f4d      0x198 ./Drivers/STM32F1xx_HAL_Driver/Src/stm32f1xx_hal_tim.o
 .debug_macro   0x00000000000160e5      0x197 ./Drivers/STM32F1xx_HAL_Driver/Src/stm32f1xx_hal_tim_ex.o

.debug_line     0x0000000000000000     0x94ad
 .debug_line    0x0000000000000000      0x843 ./Core/Src/main.o
 .debug_line    0x0000000000000843       0xfe ./Core/Src/software_timer.o
 .debug_line    0x0000000000000941      0x69c ./Core/Src/stm32f1xx_hal_msp.o
 .debug_line    0x0000000000000fdd      0x73c ./Core/Src/stm32f1xx_it.o
 .debug_line    0x0000000000001719      0x6e0 ./Core/Src/system_stm32f1xx.o
 .debug_line    0x0000000000001df9       0x86 ./Core/Startup/startup_stm32f103c6ux.o
 .debug_line    0x0000000000001e7f      0x90d ./Drivers/STM32F1xx_HAL_Driver/Src/stm32f1xx_hal.o
 .debug_line    0x000000000000278c      0xaf5 ./Drivers/STM32F1xx_HAL_Driver/Src/stm32f1xx_hal_cortex.o
 .debug_line    0x0000000000003281      0x991 ./Drivers/STM32F1xx_HAL_Driver/Src/stm32f1xx_hal_gpio.o
 .debug_line    0x0000000000003c12      0xd19 ./Drivers/STM32F1xx_HAL_Driver/Src/stm32f1xx_hal_rcc.o
 .debug_line    0x000000000000492b     0x334f ./Drivers/STM32F1xx_HAL_Driver/Src/stm32f1xx_hal_tim.o
 .debug_line    0x0000000000007c7a     0x1833 ./Drivers/STM32F1xx_HAL_Driver/Src/stm32f1xx_hal_tim_ex.o

.debug_str      0x0000000000000000    0x81ee9
 .debug_str     0x0000000000000000    0x7fc4f ./Core/Src/main.o
                                      0x8002e (size before relaxing)
 .debug_str     0x000000000007fc4f       0x69 ./Core/Src/software_timer.o
                                       0x2d50 (size before relaxing)
 .debug_str     0x000000000007fcb8      0x2d2 ./Core/Src/stm32f1xx_hal_msp.o
                                      0x7fee5 (size before relaxing)
 .debug_str     0x000000000007ff8a       0xec ./Core/Src/stm32f1xx_it.o
                                      0x7fc4e (size before relaxing)
 .debug_str     0x0000000000080076       0x7e ./Core/Src/system_stm32f1xx.o
                                      0x7f56a (size before relaxing)
 .debug_str     0x00000000000800f4       0x36 ./Core/Startup/startup_stm32f103c6ux.o
                                         0x74 (size before relaxing)
 .debug_str     0x000000000008012a      0x38e ./Drivers/STM32F1xx_HAL_Driver/Src/stm32f1xx_hal.o
                                      0x7fc63 (size before relaxing)
 .debug_str     0x00000000000804b8      0x29e ./Drivers/STM32F1xx_HAL_Driver/Src/stm32f1xx_hal_cortex.o
                                      0x7fbaf (size before relaxing)
 .debug_str     0x0000000000080756      0x307 ./Drivers/STM32F1xx_HAL_Driver/Src/stm32f1xx_hal_gpio.o
                                      0x7f8f0 (size before relaxing)
 .debug_str     0x0000000000080a5d      0x229 ./Drivers/STM32F1xx_HAL_Driver/Src/stm32f1xx_hal_rcc.o
                                      0x7f999 (size before relaxing)
 .debug_str     0x0000000000080c86      0xdd0 ./Drivers/STM32F1xx_HAL_Driver/Src/stm32f1xx_hal_tim.o
                                      0x8098b (size before relaxing)
 .debug_str     0x0000000000081a56      0x493 ./Drivers/STM32F1xx_HAL_Driver/Src/stm32f1xx_hal_tim_ex.o
                                      0x801a7 (size before relaxing)

.comment        0x0000000000000000       0x50
 .comment       0x0000000000000000       0x50 ./Core/Src/main.o
                                         0x51 (size before relaxing)
 .comment       0x0000000000000050       0x51 ./Core/Src/software_timer.o
 .comment       0x0000000000000050       0x51 ./Core/Src/stm32f1xx_hal_msp.o
 .comment       0x0000000000000050       0x51 ./Core/Src/stm32f1xx_it.o
 .comment       0x0000000000000050       0x51 ./Core/Src/system_stm32f1xx.o
 .comment       0x0000000000000050       0x51 ./Drivers/STM32F1xx_HAL_Driver/Src/stm32f1xx_hal.o
 .comment       0x0000000000000050       0x51 ./Drivers/STM32F1xx_HAL_Driver/Src/stm32f1xx_hal_cortex.o
 .comment       0x0000000000000050       0x51 ./Drivers/STM32F1xx_HAL_Driver/Src/stm32f1xx_hal_gpio.o
 .comment       0x0000000000000050       0x51 ./Drivers/STM32F1xx_HAL_Driver/Src/stm32f1xx_hal_rcc.o
 .comment       0x0000000000000050       0x51 ./Drivers/STM32F1xx_HAL_Driver/Src/stm32f1xx_hal_tim.o
 .comment       0x0000000000000050       0x51 ./Drivers/STM32F1xx_HAL_Driver/Src/stm32f1xx_hal_tim_ex.o

.debug_frame    0x0000000000000000     0x26c0
 .debug_frame   0x0000000000000000      0x124 ./Core/Src/main.o
 .debug_frame   0x0000000000000124       0xa8 ./Core/Src/software_timer.o
 .debug_frame   0x00000000000001cc       0x80 ./Core/Src/stm32f1xx_hal_msp.o
 .debug_frame   0x000000000000024c      0x120 ./Core/Src/stm32f1xx_it.o
 .debug_frame   0x000000000000036c       0x58 ./Core/Src/system_stm32f1xx.o
 .debug_frame   0x00000000000003c4      0x334 ./Drivers/STM32F1xx_HAL_Driver/Src/stm32f1xx_hal.o
 .debug_frame   0x00000000000006f8      0x428 ./Drivers/STM32F1xx_HAL_Driver/Src/stm32f1xx_hal_cortex.o
 .debug_frame   0x0000000000000b20      0x14c ./Drivers/STM32F1xx_HAL_Driver/Src/stm32f1xx_hal_gpio.o
 .debug_frame   0x0000000000000c6c      0x218 ./Drivers/STM32F1xx_HAL_Driver/Src/stm32f1xx_hal_rcc.o
 .debug_frame   0x0000000000000e84     0x11b8 ./Drivers/STM32F1xx_HAL_Driver/Src/stm32f1xx_hal_tim.o
 .debug_frame   0x000000000000203c      0x638 ./Drivers/STM32F1xx_HAL_Driver/Src/stm32f1xx_hal_tim_ex.o
 .debug_frame   0x0000000000002674       0x2c c:/st/stm32cubeide_1.12.1/stm32cubeide/plugins/com.st.stm32cube.ide.mcu.externaltools.gnu-tools-for-stm32.10.3-2021.10.win32_1.0.200.202301161003/tools/bin/../lib/gcc/arm-none-eabi/10.3.1/../../../../arm-none-eabi/lib/thumb/v7-m/nofp\libc_nano.a(lib_a-init.o)
 .debug_frame   0x00000000000026a0       0x20 c:/st/stm32cubeide_1.12.1/stm32cubeide/plugins/com.st.stm32cube.ide.mcu.externaltools.gnu-tools-for-stm32.10.3-2021.10.win32_1.0.200.202301161003/tools/bin/../lib/gcc/arm-none-eabi/10.3.1/../../../../arm-none-eabi/lib/thumb/v7-m/nofp\libc_nano.a(lib_a-memset.o)
